2026-09-08T17:27:45.902010209Z The files belonging to this database system will be owned by user "postgres".
2026-09-08T17:27:45.902045709Z This user must also own the server process.
2026-09-08T17:27:45.902047542Z 
2026-09-08T17:27:45.902147584Z The database cluster will be initialized with locale "en_US.utf8".
2026-09-08T17:27:45.902150042Z The default database encoding has accordingly been set to "UTF8".
2026-09-08T17:27:45.902150875Z The default text search configuration will be set to "english".
2026-09-08T17:27:45.902151500Z 
2026-09-08T17:27:45.902152209Z Data page checksums are disabled.
2026-09-08T17:27:45.902152750Z 
2026-09-08T17:27:45.902153250Z fixing permissions on existing directory /var/lib/postgresql/data ... ok
2026-09-08T17:27:45.902788167Z creating subdirectories ... ok
2026-09-08T17:27:45.902834584Z selecting dynamic shared memory implementation ... posix
2026-09-08T17:27:45.915179417Z selecting default "max_connections" ... 100
2026-09-08T17:27:45.938813250Z selecting default "shared_buffers" ... 128MB
2026-09-08T17:27:45.942300834Z selecting default time zone ... Etc/UTC
2026-09-08T17:27:45.942622375Z creating configuration files ... ok
2026-09-08T17:27:46.013648209Z running bootstrap script ... ok
2026-09-08T17:27:46.186548376Z performing post-bootstrap initialization ... ok
2026-09-08T17:27:46.235555584Z syncing data to disk ... ok
2026-09-08T17:27:46.235566251Z 
2026-09-08T17:27:46.235566834Z 
2026-09-08T17:27:46.235567667Z Success. You can now start the database server using:
2026-09-08T17:27:46.235568292Z 
2026-09-08T17:27:46.235568751Z     pg_ctl -D /var/lib/postgresql/data -l logfile start
2026-09-08T17:27:46.235569292Z 
2026-09-08T17:27:46.259174792Z waiting for server to start....2026-09-08 17:27:46.259 UTC [54] LOG:  starting PostgreSQL 17.8 (Debian 17.8-1.pgdg13+1) on aarch64-unknown-linux-gnu, compiled by gcc (Debian 14.2.0-19) 14.2.0, 64-bit
2026-09-08T17:27:46.262770917Z 2026-09-08 17:27:46.262 UTC [54] LOG:  listening on Unix socket "/var/run/postgresql/.s.PGSQL.5432"
2026-09-08T17:27:46.265848459Z 2026-09-08 17:27:46.265 UTC [57] LOG:  database system was shut down at 2026-09-08 17:27:46 UTC
2026-09-08T17:27:46.267534376Z 2026-09-08 17:27:46.267 UTC [54] LOG:  database system is ready to accept connections
2026-09-08T17:27:46.348179251Z  done
2026-09-08T17:27:46.348187376Z server started
2026-09-08T17:27:46.392668459Z CREATE DATABASE
2026-09-08T17:27:46.392860126Z 
2026-09-08T17:27:46.392907042Z 
2026-09-08T17:27:46.392908959Z /usr/local/bin/docker-entrypoint.sh: ignoring /docker-entrypoint-initdb.d/*
2026-09-08T17:27:46.392909751Z 
2026-09-08T17:27:46.393332251Z waiting for server to shut down....2026-09-08 17:27:46.393 UTC [54] LOG:  received fast shutdown request
2026-09-08T17:27:46.396244084Z 2026-09-08 17:27:46.396 UTC [54] LOG:  aborting any active transactions
2026-09-08T17:27:46.396870167Z 2026-09-08 17:27:46.396 UTC [54] LOG:  background worker "logical replication launcher" (PID 60) exited with exit code 1
2026-09-08T17:27:46.396910376Z 2026-09-08 17:27:46.396 UTC [55] LOG:  shutting down
2026-09-08T17:27:46.397619001Z 2026-09-08 17:27:46.397 UTC [55] LOG:  checkpoint starting: shutdown immediate
2026-09-08T17:27:46.419417167Z 2026-09-08 17:27:46.419 UTC [55] LOG:  checkpoint complete: wrote 925 buffers (5.6%); 0 WAL file(s) added, 0 removed, 0 recycled; write=0.007 s, sync=0.013 s, total=0.023 s; sync files=301, longest=0.008 s, average=0.001 s; distance=4256 kB, estimate=4256 kB; lsn=0/19159A0, redo lsn=0/19159A0
2026-09-08T17:27:46.421427792Z 2026-09-08 17:27:46.421 UTC [54] LOG:  database system is shut down
2026-09-08T17:27:46.499127084Z  done
2026-09-08T17:27:46.499133834Z server stopped
2026-09-08T17:27:46.499719417Z 
2026-09-08T17:27:46.499724126Z PostgreSQL init process complete; ready for start up.
2026-09-08T17:27:46.499725292Z 
2026-09-08T17:27:46.235556459Z initdb: warning: enabling "trust" authentication for local connections
2026-09-08T17:27:46.235564042Z initdb: hint: You can change this by editing pg_hba.conf or using the option -A, or --auth-local and --auth-host, the next time you run initdb.
2026-09-08T17:27:46.510822042Z 2026-09-08 17:27:46.510 UTC [1] LOG:  starting PostgreSQL 17.8 (Debian 17.8-1.pgdg13+1) on aarch64-unknown-linux-gnu, compiled by gcc (Debian 14.2.0-19) 14.2.0, 64-bit
2026-09-08T17:27:46.511247417Z 2026-09-08 17:27:46.511 UTC [1] LOG:  listening on IPv4 address "0.0.0.0", port 5432
2026-09-08T17:27:46.511252084Z 2026-09-08 17:27:46.511 UTC [1] LOG:  listening on IPv6 address "::", port 5432
2026-09-08T17:27:46.512792126Z 2026-09-08 17:27:46.512 UTC [1] LOG:  listening on Unix socket "/var/run/postgresql/.s.PGSQL.5432"
2026-09-08T17:27:46.516159209Z 2026-09-08 17:27:46.516 UTC [70] LOG:  database system was shut down at 2026-09-08 17:27:46 UTC
2026-09-08T17:27:46.518014376Z 2026-09-08 17:27:46.517 UTC [1] LOG:  database system is ready to accept connections
