#0 building with "desktop-linux" instance using docker driver

#1 [internal] load build definition from Dockerfile.feed
#1 transferring dockerfile: 1.29kB done
#1 DONE 0.0s

#2 [internal] load metadata for docker.io/library/golang:1.23-alpine@sha256:383395b794dffa5b53012a212365d40c8e37109a626ca30d6151c8348d380b5f
#2 DONE 0.0s

#3 [build 1/8] FROM docker.io/library/golang:1.23-alpine@sha256:383395b794dffa5b53012a212365d40c8e37109a626ca30d6151c8348d380b5f
#3 resolve docker.io/library/golang:1.23-alpine@sha256:383395b794dffa5b53012a212365d40c8e37109a626ca30d6151c8348d380b5f done
#3 DONE 0.0s

#4 [internal] load build context
#4 transferring context: 13.81kB done
#4 DONE 0.0s

#5 [build 4/8] RUN go mod download
#5 CACHED

#6 [build 6/8] COPY cmd/feed-api ./cmd/feed-api
#6 CACHED

#7 [build 2/8] WORKDIR /src
#7 CACHED

#8 [build 3/8] COPY go.mod go.sum ./
#8 CACHED

#9 [build 5/8] COPY internal ./internal
#9 CACHED

#10 [build 7/8] COPY cmd/feed-worker ./cmd/feed-worker
#10 CACHED

#11 [build 8/8] RUN CGO_ENABLED=0 go build -trimpath -ldflags="-s -w -X main.version=39def663ab662e66e0b3473dfc06285e761c2a26" -o /out/feed-api ./cmd/feed-api &&     CGO_ENABLED=0 go build -trimpath -ldflags="-s -w -X main.version=39def663ab662e66e0b3473dfc06285e761c2a26" -o /out/feed-worker ./cmd/feed-worker
#11 DONE 29.0s

#12 [runtime 1/2] COPY --from=build /etc/ssl/certs/ca-certificates.crt /etc/ssl/certs/ca-certificates.crt
#12 CACHED

#13 [runtime 2/2] COPY --from=build /out/feed-api /out/feed-worker /usr/local/bin/
#13 DONE 0.1s

#14 exporting to image
#14 exporting layers
#14 exporting layers 0.6s done
#14 exporting manifest sha256:408e630200ce08d538c0f77e7c71177bef5cc2de9ccd9414b16a9999ddc00545
#14 exporting manifest sha256:408e630200ce08d538c0f77e7c71177bef5cc2de9ccd9414b16a9999ddc00545 done
#14 exporting config sha256:0e3a2a7150606d07e95f6c18b564c7a02cc9db0d23a7efc79f16625cf25e91f0 done
#14 exporting attestation manifest sha256:970a0c04d74d84fd21b4522fd1d07b87eddefbba25c87495029ed7a6524ab2f7 done
#14 exporting manifest list sha256:78d3ef65c62b5a2cc1131d0e64b0da365603d0bb39c93dd84437616528156e0a done
#14 naming to moby-dangling@sha256:78d3ef65c62b5a2cc1131d0e64b0da365603d0bb39c93dd84437616528156e0a done
#14 DONE 0.6s

View build details: docker-desktop://dashboard/build/desktop-linux/desktop-linux/4gn4cdduk02y0tk9ohnlh6pda
