#0 building with "desktop-linux" instance using docker driver

#1 [internal] load build definition from Dockerfile.feed
#1 transferring dockerfile: 1.29kB done
#1 DONE 0.0s

#2 [internal] load metadata for docker.io/library/golang:1.23-alpine@sha256:383395b794dffa5b53012a212365d40c8e37109a626ca30d6151c8348d380b5f
#2 DONE 2.1s

#3 [build 1/8] FROM docker.io/library/golang:1.23-alpine@sha256:383395b794dffa5b53012a212365d40c8e37109a626ca30d6151c8348d380b5f
#3 resolve docker.io/library/golang:1.23-alpine@sha256:383395b794dffa5b53012a212365d40c8e37109a626ca30d6151c8348d380b5f done
#3 DONE 0.0s

#4 [internal] load build context
#4 transferring context: 2.07MB 0.0s done
#4 DONE 0.0s

#5 [build 2/8] WORKDIR /src
#5 CACHED

#6 [build 3/8] COPY go.mod go.sum ./
#6 CACHED

#7 [build 4/8] RUN go mod download
#7 CACHED

#8 [build 5/8] COPY internal ./internal
#8 DONE 0.1s

#9 [build 6/8] COPY cmd/feed-api ./cmd/feed-api
#9 DONE 0.0s

#10 [build 7/8] COPY cmd/feed-worker ./cmd/feed-worker
#10 DONE 0.0s

#11 [build 8/8] RUN CGO_ENABLED=0 go build -trimpath -ldflags="-s -w -X main.version=565829abc21843bb20ad2a5f3b220d4124c2329f" -o /out/feed-api ./cmd/feed-api &&     CGO_ENABLED=0 go build -trimpath -ldflags="-s -w -X main.version=565829abc21843bb20ad2a5f3b220d4124c2329f" -o /out/feed-worker ./cmd/feed-worker
#11 DONE 28.8s

#12 [runtime 1/2] COPY --from=build /etc/ssl/certs/ca-certificates.crt /etc/ssl/certs/ca-certificates.crt
#12 CACHED

#13 [runtime 2/2] COPY --from=build /out/feed-api /out/feed-worker /usr/local/bin/
#13 DONE 0.1s

#14 exporting to image
#14 exporting layers
#14 exporting layers 0.6s done
#14 exporting manifest sha256:1fd7381d734b7dafd6d7eba0698c9d0bb3c48422ccc008dbe9c878cf1fdebaa8
#14 exporting manifest sha256:1fd7381d734b7dafd6d7eba0698c9d0bb3c48422ccc008dbe9c878cf1fdebaa8 done
#14 exporting config sha256:0a55d7aaa17fc6df851335e37fdbf2107f463cd369dcadace174de24b3865fa4 done
#14 exporting attestation manifest sha256:a8b40f738434e59735ea82fcc2cc6708362a2d50d4224756dc560f47b99a4d3e done
#14 exporting manifest list sha256:c094e779aba5fc71e7c4987b79ec1cba773baba01807ad29f5b8685809664ed4 done
#14 naming to moby-dangling@sha256:c094e779aba5fc71e7c4987b79ec1cba773baba01807ad29f5b8685809664ed4 done
#14 DONE 0.6s

View build details: docker-desktop://dashboard/build/desktop-linux/desktop-linux/14slw6fp1i3ux1zhdio8f7q4z
