2026-09-08T17:23:22.436184962Z The files belonging to this database system will be owned by user "postgres".
2026-09-08T17:23:22.436225004Z This user must also own the server process.
2026-09-08T17:23:22.436227004Z 
2026-09-08T17:23:22.436297337Z The database cluster will be initialized with locale "en_US.utf8".
2026-09-08T17:23:22.436299295Z The default database encoding has accordingly been set to "UTF8".
2026-09-08T17:23:22.436300004Z The default text search configuration will be set to "english".
2026-09-08T17:23:22.436300629Z 
2026-09-08T17:23:22.436301129Z Data page checksums are disabled.
2026-09-08T17:23:22.436303170Z 
2026-09-08T17:23:22.436328754Z fixing permissions on existing directory /var/lib/postgresql/data ... ok
2026-09-08T17:23:22.437809504Z creating subdirectories ... ok
2026-09-08T17:23:22.437865337Z selecting dynamic shared memory implementation ... posix
2026-09-08T17:23:22.455707379Z selecting default "max_connections" ... 100
2026-09-08T17:23:22.476993379Z selecting default "shared_buffers" ... 128MB
2026-09-08T17:23:22.481637587Z selecting default time zone ... Etc/UTC
2026-09-08T17:23:22.484087379Z creating configuration files ... ok
2026-09-08T17:23:22.570513795Z running bootstrap script ... ok
2026-09-08T17:23:22.777207170Z performing post-bootstrap initialization ... ok
2026-09-08T17:23:22.876009545Z syncing data to disk ... ok
2026-09-08T17:23:22.876020004Z 
2026-09-08T17:23:22.876021170Z 
2026-09-08T17:23:22.876021962Z Success. You can now start the database server using:
2026-09-08T17:23:22.876022795Z 
2026-09-08T17:23:22.876023420Z     pg_ctl -D /var/lib/postgresql/data -l logfile start
2026-09-08T17:23:22.876024170Z 
2026-09-08T17:23:22.911453545Z waiting for server to start....2026-09-08 17:23:22.911 UTC [48] LOG:  starting PostgreSQL 17.8 (Debian 17.8-1.pgdg13+1) on aarch64-unknown-linux-gnu, compiled by gcc (Debian 14.2.0-19) 14.2.0, 64-bit
2026-09-08T17:23:22.914155004Z 2026-09-08 17:23:22.914 UTC [48] LOG:  listening on Unix socket "/var/run/postgresql/.s.PGSQL.5432"
2026-09-08T17:23:22.917194795Z 2026-09-08 17:23:22.917 UTC [51] LOG:  database system was shut down at 2026-09-08 17:23:22 UTC
2026-09-08T17:23:22.920083462Z 2026-09-08 17:23:22.920 UTC [48] LOG:  database system is ready to accept connections
2026-09-08T17:23:23.005159629Z  done
2026-09-08T17:23:23.005182879Z server started
2026-09-08T17:23:23.073961754Z CREATE DATABASE
2026-09-08T17:23:23.074191671Z 
2026-09-08T17:23:23.074233921Z 
2026-09-08T17:23:23.074238004Z /usr/local/bin/docker-entrypoint.sh: ignoring /docker-entrypoint-initdb.d/*
2026-09-08T17:23:23.074238796Z 
2026-09-08T17:23:23.074652712Z waiting for server to shut down....2026-09-08 17:23:23.074 UTC [48] LOG:  received fast shutdown request
2026-09-08T17:23:23.079786379Z 2026-09-08 17:23:23.079 UTC [48] LOG:  aborting any active transactions
2026-09-08T17:23:23.082405671Z 2026-09-08 17:23:23.082 UTC [48] LOG:  background worker "logical replication launcher" (PID 54) exited with exit code 1
2026-09-08T17:23:23.083615962Z 2026-09-08 17:23:23.083 UTC [49] LOG:  shutting down
2026-09-08T17:23:23.085366337Z 2026-09-08 17:23:23.085 UTC [49] LOG:  checkpoint starting: shutdown immediate
2026-09-08T17:23:23.118957421Z 2026-09-08 17:23:23.118 UTC [49] LOG:  checkpoint complete: wrote 925 buffers (5.6%); 0 WAL file(s) added, 0 removed, 0 recycled; write=0.005 s, sync=0.028 s, total=0.036 s; sync files=301, longest=0.021 s, average=0.001 s; distance=4256 kB, estimate=4256 kB; lsn=0/19159A0, redo lsn=0/19159A0
2026-09-08T17:23:23.120785796Z 2026-09-08 17:23:23.120 UTC [48] LOG:  database system is shut down
2026-09-08T17:23:23.176699004Z  done
2026-09-08T17:23:23.176716212Z server stopped
2026-09-08T17:23:23.177805962Z 
2026-09-08T17:23:23.177810629Z PostgreSQL init process complete; ready for start up.
2026-09-08T17:23:23.177811587Z 
2026-09-08T17:23:22.876014712Z initdb: warning: enabling "trust" authentication for local connections
2026-09-08T17:23:22.876026754Z initdb: hint: You can change this by editing pg_hba.conf or using the option -A, or --auth-local and --auth-host, the next time you run initdb.
2026-09-08T17:23:23.194717754Z 2026-09-08 17:23:23.194 UTC [1] LOG:  starting PostgreSQL 17.8 (Debian 17.8-1.pgdg13+1) on aarch64-unknown-linux-gnu, compiled by gcc (Debian 14.2.0-19) 14.2.0, 64-bit
2026-09-08T17:23:23.196069504Z 2026-09-08 17:23:23.196 UTC [1] LOG:  listening on IPv4 address "0.0.0.0", port 5432
2026-09-08T17:23:23.196073379Z 2026-09-08 17:23:23.196 UTC [1] LOG:  listening on IPv6 address "::", port 5432
2026-09-08T17:23:23.197085087Z 2026-09-08 17:23:23.197 UTC [1] LOG:  listening on Unix socket "/var/run/postgresql/.s.PGSQL.5432"
2026-09-08T17:23:23.198413421Z 2026-09-08 17:23:23.198 UTC [64] LOG:  database system was shut down at 2026-09-08 17:23:23 UTC
2026-09-08T17:23:23.200390712Z 2026-09-08 17:23:23.200 UTC [1] LOG:  database system is ready to accept connections
